// Jest Snapshot v1, https://goo.gl/fbAQLP

exports[`App changes the class when hovered 1`] = `
<div
  className="main"
>
  <div
    className="nav"
  >
    <a
      href="/"
      id="logo"
    />
    <div
      id="burgermenu"
      onClick={[Function]}
    >
      <svg
        height="32px"
        version="1.1"
        viewBox="0 0 32 32"
        width="32px"
        xmlSpace="preserve"
        xmlns="http://www.w3.org/2000/svg"
        xmlnsXlink="http://www.w3.org/1999/xlink"
      >
        <path
          d="M4,10h24c1.104,0,2-0.896,2-2s-0.896-2-2-2H4C2.896,6,2,6.896,2,8S2.896,10,4,10z M28,14H4c-1.104,0-2,0.896-2,2  s0.896,2,2,2h24c1.104,0,2-0.896,2-2S29.104,14,28,14z M28,22H4c-1.104,0-2,0.896-2,2s0.896,2,2,2h24c1.104,0,2-0.896,2-2  S29.104,22,28,22z"
        />
      </svg>
    </div>
  </div>
  <div
    className="filterMenu"
    style={
      Object {
        "visibility": "visible",
      }
    }
  >
    <ul>
      <li>
        <input
          checked="checked"
          disabled="disabled"
          id="broadband"
          type="checkbox"
        />
        Broadband
      </li>
      <li>
        <input
          checked={false}
          id="tv"
          onChange={[Function]}
          type="checkbox"
        />
        TV
      </li>
      <li>
        <input
          checked={false}
          id="mobile"
          onChange={[Function]}
          type="checkbox"
        />
        Mobile
      </li>
    </ul>
    <div>
      Spped
    </div>
    <select
      onChange={[Function]}
    >
      <option
        value="0"
      >
        Any
      </option>
      <option
        value="52"
      >
        52MB
      </option>
    </select>
  </div>
  <div>
    <div
      className="grid"
    >
      <table>
        <thead>
          <tr>
            <th>
              About
            </th>
            <th>
              contract length
            </th>
            <th>
              speed/usage
            </th>
            <th>
              Offer
            </th>
            <th>
              TV
            </th>
            <th>
              Mobile
            </th>
            <th>
              Cost
            </th>
          </tr>
        </thead>
        <tbody />
      </table>
    </div>
    <div
      className="card"
    />
  </div>
</div>
`;
